
═══ A. Discovery — every docker's health / metadata endpoint ═══════════════════════════════════════════════════
→ Portal (:3000)
  HTTP 200
→ identity_service (:8766)
{"status":"ok"}  HTTP 200
→ libcloud.rest (:8765)
{"status":"ok"}  HTTP 200
→ Dex (:5556) .well-known
{
  "issuer": "http://login.quest4science.xyz:5556/dex",
  "authorization_endpoint": "http://login.quest4science.xyz:5556/dex/auth",
  "token_endpoint": "http://login.quest4science.xyz:5556/dex/token"
→ Dex JWKS
{
  "keys": [
    {
      "use": "sig",
      "kty": "RSA",
      "kid": "8c33f5bc900a57afca05e29e35caafcba6471c0b",
      "alg": "RS256",
      "n": "mYtBjxnp66IgJUHbRMzJLS4YS9kKFHiCam3UsQAmoiAKItBgL
→ OpenFGA (:8080) ready
{"status":"SERVING"}
  HTTP 200
→ OpenFGA stores
{"code":"bearer_token_missing","message":"missing bearer token"}

→ LLDAP (:17170) health
  HTTP 200
→ Vault (:8200) health
{"initialized":true,"sealed":false,"standby":false,"performance_standby":false,"replication_performance_mode":"disabled","replication_dr_mode":"disabled","server_time_utc":1784734672,"version":"1.15.6","cluster_name":"vault-cluster-14a68f54","cluster_id":"638fb064-2d79-7ccb-88b2-603bc00a4381"}
  HTTP 200

═══ B. Login at Dex as aws-admin via portal client libcloud-portal ═══════════════════════════════════════════════════
begin response: {"authorizeUrl":"http://login.quest4science.xyz:5556/dex/auth?client_id=libcloud-portal&redirect_uri=http%3A%2F%2Flogin.quest4science.xyz%3A3000%2Fauth%2Fcallback&response_type=code&scope=openid+profile+email&state=gDyVms_ADT2TJ_WeYcE1LysY5PSAZA8dc0otgZmorBo&code_challenge=lVan9LHUE5VGiSWj1LgbTxAY4T0s1EQ0RW6DHKy5asM&code_challenge_method=S256&connector_id=lldap","state":"gDyVms_ADT2TJ_WeYcE1LysY5PSAZA8dc0otgZmorBo","provider":"lldap"}
state: gDyVms_ADT2TJ_WeYcE1LysY5PSAZA8dc0otgZmorBo
authorizeUrl: http://login.quest4science.xyz:5556/dex/auth?client_id=libcloud-portal&redirect_uri=http%3A%2F%2Flogin.quest4science.xyz%3A3000%2Fauth%2Fcallback&response_type=code&scope=openid+profile+email&state=gDyVms_ADT2TJ_WeYcE1LysY5PSAZA8dc0otgZmorBo&code_challenge=lVan9LHUE5VGiSWj1LgbTxAY4T0s1EQ0RW6DHKy5asM&code_challenge_method=S256&connector_id=lldap
