CW/home/ubuntu/libcloud_nutanix>python3 test_script/scan_unauthenticated_rce.py 
 
=== AUTH COVERAGE ===
100/107 blocked, 6 reachable unauthenticated, 0 not-found

!! GET    /health                                          -> OPEN       (HTTP 200)
!! GET    /api/auth/begin                                  -> OPEN       (HTTP 200)
!! POST   /api/auth/exchange                               -> OTHER(400) (HTTP 400)
   POST   /api/auth/collapse                               -> BLOCKED    (HTTP 401)
   GET    /api/session                                     -> BLOCKED    (HTTP 401)
!! POST   /api/logout                                      -> OPEN       (HTTP 200)
   GET    /api/users                                       -> BLOCKED    (HTTP 401)
   PATCH  /api/users/{internal_id}/role                    -> BLOCKED    (HTTP 401)
   POST   /api/users/{internal_id}/disable                 -> BLOCKED    (HTTP 401)
   PATCH  /api/users/{internal_id}/email                   -> BLOCKED    (HTTP 401)
   GET    /api/users/assignable                            -> BLOCKED    (HTTP 401)
   GET    /api/tuples                                      -> BLOCKED    (HTTP 401)
   POST   /api/tuples                                      -> BLOCKED    (HTTP 401)
   DELETE /api/tuples                                      -> BLOCKED    (HTTP 401)
   GET    /api/openfga/store                               -> BLOCKED    (HTTP 401)
   GET    /api/openfga/models                              -> BLOCKED    (HTTP 401)
   GET    /api/openfga/models/{model_id}                   -> BLOCKED    (HTTP 401)
   GET    /api/openfga/assertions/{model_id}               -> BLOCKED    (HTTP 401)
   GET    /api/openfga/changes                             -> BLOCKED    (HTTP 401)
   POST   /api/openfga/list-users                          -> BLOCKED    (HTTP 401)
   POST   /api/openfga/list-objects                        -> BLOCKED    (HTTP 401)
   POST   /api/openfga/expand                              -> BLOCKED    (HTTP 401)
   GET    /api/openfga/rest-api-policies                   -> BLOCKED    (HTTP 401)
   GET    /api/resources/{cloud}                           -> BLOCKED    (HTTP 401)
   GET    /api/hosts/{cloud}                               -> BLOCKED    (HTTP 401)
   POST   /api/provision/{cloud}                           -> BLOCKED    (HTTP 401)
   POST   /api/provision-private/{cloud}                   -> BLOCKED    (HTTP 401)
   POST   /api/deprovision/{cloud}                         -> BLOCKED    (HTTP 401)
   POST   /api/update/{cloud}                              -> BLOCKED    (HTTP 401)
   GET    /api/companies                                   -> BLOCKED    (HTTP 401)
   POST   /api/companies                                   -> BLOCKED    (HTTP 401)
   GET    /api/companies/{company_id}/departments          -> BLOCKED    (HTTP 401)
   POST   /api/companies/{company_id}/departments          -> BLOCKED    (HTTP 401)
   GET    /api/departments/{dept}/credential               -> BLOCKED    (HTTP 401)
   PUT    /api/departments/{dept}/credential               -> BLOCKED    (HTTP 401)
!! POST   /v1/auth/login                                   -> REACHED    (HTTP 404)
!! POST   /v1/auth/refresh                                 -> REACHED    (HTTP 404)
   POST   /v1/auth/logout                                  -> BLOCKED    (HTTP 401)
   GET    /v1/auth/me                                      -> BLOCKED    (HTTP 401)
   POST   /v1/auth/token/introspect                        -> BLOCKED    (HTTP 401)
!! GET    /v1/providers                                    -> OPEN       (HTTP 200)
   POST   /v1/connections:test                             -> BLOCKED    (HTTP 401)
   POST   /v1/admin/policies:reload                        -> BLOCKED    (HTTP 401)
   GET    /v1/jobs/{job_id}                                -> BLOCKED    (HTTP 401)
   GET    /v1/compute/locations                            -> BLOCKED    (HTTP 401)
   GET    /v1/compute/hosts                                -> BLOCKED    (HTTP 401)
   GET    /v1/compute/hosts/{host_id}                      -> BLOCKED    (HTTP 401)
   GET    /v1/compute/hosts/{host_id}/bmc-info             -> BLOCKED    (HTTP 401)
   GET    /v1/compute/images                               -> BLOCKED    (HTTP 401)
   POST   /v1/compute/images                               -> BLOCKED    (HTTP 401)
   DELETE /v1/compute/images/{image_id}                    -> BLOCKED    (HTTP 401)
   GET    /v1/compute/sizes                                -> BLOCKED    (HTTP 401)
   GET    /v1/compute/nodes                                -> BLOCKED    (HTTP 401)
   POST   /v1/compute/nodes                                -> BLOCKED    (HTTP 401)
   GET    /v1/compute/nodes/{node_id}                      -> BLOCKED    (HTTP 401)
   PATCH  /v1/compute/nodes/{node_id}                      -> BLOCKED    (HTTP 401)
   DELETE /v1/compute/nodes/{node_id}                      -> BLOCKED    (HTTP 401)
   POST   /v1/compute/nodes/{node_id}:start                -> BLOCKED    (HTTP 401)
   POST   /v1/compute/nodes/{node_id}:stop                 -> BLOCKED    (HTTP 401)
   POST   /v1/compute/nodes/{node_id}:reboot               -> BLOCKED    (HTTP 401)
   GET    /v1/compute/volumes                              -> BLOCKED    (HTTP 401)
   POST   /v1/compute/volumes                              -> BLOCKED    (HTTP 401)
   PATCH  /v1/compute/volumes/{volume_id}                  -> BLOCKED    (HTTP 401)
   DELETE /v1/compute/volumes/{volume_id}                  -> BLOCKED    (HTTP 401)
   POST   /v1/compute/volumes/{volume_id}:attach           -> BLOCKED    (HTTP 401)
   POST   /v1/compute/volumes/{volume_id}:detach           -> BLOCKED    (HTTP 401)
   GET    /v1/compute/snapshots                            -> BLOCKED    (HTTP 401)
   POST   /v1/compute/snapshots                            -> BLOCKED    (HTTP 401)
   DELETE /v1/compute/snapshots/{snapshot_id}              -> BLOCKED    (HTTP 401)
   GET    /v1/compute/key-pairs                            -> BLOCKED    (HTTP 401)
   POST   /v1/compute/key-pairs                            -> BLOCKED    (HTTP 401)
   DELETE /v1/compute/key-pairs/{name}                     -> BLOCKED    (HTTP 401)
   GET    /v1/compute/networks                             -> BLOCKED    (HTTP 401)
   POST   /v1/compute/networks                             -> BLOCKED    (HTTP 401)
   PATCH  /v1/compute/networks/{network_id}                -> BLOCKED    (HTTP 401)
   DELETE /v1/compute/networks/{network_id}                -> BLOCKED    (HTTP 401)
   GET    /v1/compute/subnets                              -> BLOCKED    (HTTP 401)
   POST   /v1/compute/subnets                              -> BLOCKED    (HTTP 401)
   PATCH  /v1/compute/subnets/{subnet_id}                  -> BLOCKED    (HTTP 401)
   DELETE /v1/compute/subnets/{subnet_id}                  -> BLOCKED    (HTTP 401)
   GET    /v1/compute/storage-containers                   -> BLOCKED    (HTTP 401)
   GET    /v1/compute/security-groups                      -> BLOCKED    (HTTP 401)
   POST   /v1/compute/security-groups                      -> BLOCKED    (HTTP 401)
   DELETE /v1/compute/security-groups/{group_id}           -> BLOCKED    (HTTP 401)
   POST   /v1/compute/security-groups/{group_id}:authorize -> BLOCKED    (HTTP 401)
   GET    /v1/compute/load-balancers                       -> BLOCKED    (HTTP 401)
   POST   /v1/compute/load-balancers                       -> BLOCKED    (HTTP 401)
   DELETE /v1/compute/load-balancers/{lb_id}               -> BLOCKED    (HTTP 401)
   GET    /v1/compute/floating-ips                         -> BLOCKED    (HTTP 401)
   POST   /v1/compute/floating-ips                         -> BLOCKED    (HTTP 401)
   DELETE /v1/compute/floating-ips/{address}               -> BLOCKED    (HTTP 401)
   POST   /v1/compute/floating-ips/{address}:associate     -> BLOCKED    (HTTP 401)
   POST   /v1/compute/floating-ips/{address}:disassociate  -> BLOCKED    (HTTP 401)
   GET    /v1/compute/internet-gateways                    -> BLOCKED    (HTTP 401)
   POST   /v1/compute/internet-gateways                    -> BLOCKED    (HTTP 401)
   GET    /v1/compute/route-tables                         -> BLOCKED    (HTTP 401)
   POST   /v1/compute/route-tables                         -> BLOCKED    (HTTP 401)
   POST   /v1/compute/route-tables/{route_table_id}/routes -> BLOCKED    (HTTP 401)
   POST   /v1/compute/route-tables/{route_table_id}:associate -> BLOCKED    (HTTP 401)
   GET    /v1/compute/network-interfaces                   -> BLOCKED    (HTTP 401)
   GET    /v1/storage/buckets                              -> BLOCKED    (HTTP 401)
   POST   /v1/storage/buckets                              -> BLOCKED    (HTTP 401)
   DELETE /v1/storage/buckets/{bucket_name}                -> BLOCKED    (HTTP 401)
   GET    /v1/storage/buckets/{bucket_name}/objects        -> BLOCKED    (HTTP 401)
   POST   /v1/storage/buckets/{bucket_name}/objects        -> BLOCKED    (HTTP 401)
   POST   /v1/storage/buckets/{bucket_name}/objects/{object_name}:download -> BLOCKED    (HTTP 401)
   DELETE /v1/storage/buckets/{bucket_name}/objects/{object_name} -> BLOCKED    (HTTP 401)

Reachable without credentials (investigate):
   - GET /health  HTTP 200
   - GET /api/auth/begin  HTTP 200
   - POST /api/logout  HTTP 200
   - POST /v1/auth/login  HTTP 404
   - POST /v1/auth/refresh  HTTP 404
   - GET /v1/providers  HTTP 200

