Authenticating ntnx-owner against Dex ...
OpenFGA Check user:ntnx-owner can_manage_credentials tenant:nutanix ...
Writing secret/libcloud/nutanix to Vault ...
>>> GET http://localhost:5556/dex/auth?client_id=libcloud-rest&redirect_uri=http%3A%2F%2F127.0.0.1%3A8766%2Foauth%2Fcallback&response_type=code&scope=openid+email+profile&state=libcloud-dex
>>> POST http://localhost:5556/dex/auth/lldap/login?back=&state=qkmskzj4afpzfn4ew5ckuvlga (login=ntnx-admin)
>>> POST http://localhost:8080/stores/01KW9EZ0Q706Y580FGQ2488THC/check
>>> Request headers:
Content-Type: application/json
>>> Request body:
{
    "authorization_model_id": "01KWCSRHRR4ADZPJYGSQ52GENX",
    "tuple_key": {
        "user": "user:ntnx-admin",
        "relation": "can_connect",
        "object": "libcloud_api:main"
    }
}
<<< HTTP 200
<<< Response headers:
HTTP/1.1 200 OK
Content-Length: 32
Content-Type: application/json
Openfga-Authorization-Model-Id: 01KWCSRHRR4ADZPJYGSQ52GENX
Openfga-Store-Id: 01KW9EZ0Q706Y580FGQ2488THC
Vary: Origin
X-Request-Id: 7a80236f-0222-49ed-9d2f-c276cc86005b
Date: Wed, 01 Jul 2026 07:48:43 GMT

<<< Response body:
{
    "allowed": true,
    "resolution": ""
}

>>> POST http://localhost:8080/stores/01KW9EZ0Q706Y580FGQ2488THC/check
>>> Request headers:
Content-Type: application/json
>>> Request body:
{
    "authorization_model_id": "01KWCSRHRR4ADZPJYGSQ52GENX",
    "tuple_key": {
        "user": "user:ntnx-admin",
        "relation": "can_use",
        "object": "provider:nutanix"
    }
}
<<< HTTP 200
<<< Response headers:
HTTP/1.1 200 OK
Content-Length: 32
Content-Type: application/json
Openfga-Authorization-Model-Id: 01KWCSRHRR4ADZPJYGSQ52GENX
Openfga-Store-Id: 01KW9EZ0Q706Y580FGQ2488THC
Vary: Origin
X-Request-Id: 7ea3de0d-6298-45b7-b2c0-2f72327ad527
Date: Wed, 01 Jul 2026 07:48:43 GMT

<<< Response body:
{
    "allowed": true,
    "resolution": ""
}

>>> POST http://localhost:8080/stores/01KW9EZ0Q706Y580FGQ2488THC/check
>>> Request headers:
Content-Type: application/json
>>> Request body:
{
    "authorization_model_id": "01KWCSRHRR4ADZPJYGSQ52GENX",
    "tuple_key": {
        "user": "user:ntnx-admin",
        "relation": "can_provision",
        "object": "nutanix_cluster:nutanix"
    }
}
<<< HTTP 200
<<< Response headers:
HTTP/1.1 200 OK
Content-Length: 32
Content-Type: application/json
Openfga-Authorization-Model-Id: 01KWCSRHRR4ADZPJYGSQ52GENX
Openfga-Store-Id: 01KW9EZ0Q706Y580FGQ2488THC
Vary: Origin
X-Request-Id: 9dc40563-7d9c-4973-9c08-09823658913b
Date: Wed, 01 Jul 2026 07:48:43 GMT

<<< Response body:
{
    "allowed": true,
    "resolution": ""
}

>>> GET http://localhost:8765/v1/auth/me
>>> Request headers:
Authorization: Bearer ***REDACTED***
Accept: application/json
<<< HTTP 200
<<< Response headers:
HTTP/1.1 200 OK
date: Wed, 01 Jul 2026 07:48:43 GMT
server: uvicorn
content-length: 439
content-type: application/json
x-request-id: req_adae0b7d3acb

<<< Response body:
{
    "data": {
        "username": "ntnx-admin",
        "tenant_id": "default",
        "scope": "compute:read compute:image:read compute:size:read compute:location:read compute:node:create compute:node:delete compute:node:power compute:node:update compute:volume:manage compute:snapshot:manage compute:network:read compute:network:manage compute:keypair:manage jobs:read",
        "allowed_providers": [
            "nutanix"
        ],
        "session_id": "ntnx-admin"
    },
    "meta": {
        "request_id": "req_adae0b7d3acb"
    }
}

>>> POST http://localhost:8765/v1/connections:test
>>> Request headers:
Authorization: Bearer ***REDACTED***
Accept: application/json
Content-Type: application/json
>>> Request body:
{
    "provider": "nutanix",
    "config": {
        "host": "host.docker.internal",
        "port": 9440,
        "secure": true,
        "api_version": "v4.0",
        "verify_ssl_cert": false
    },
    "auth_binding": "nutanix"
}
<<< HTTP 200
<<< Response headers:
HTTP/1.1 200 OK
date: Wed, 01 Jul 2026 07:48:43 GMT
server: uvicorn
content-length: 290
content-type: application/json
x-request-id: req_1e612d73160c

<<< Response body:
{
    "data": {
        "target": "nutanix:host.docker.internal:9440",
        "provider": "nutanix",
        "status": "ok",
        "capabilities": {
            "create_node_auth": [
                "ssh_key"
            ],
            "supports_volumes": true,
            "supports_snapshots": true,
            "supports_key_pairs": true,
            "supports_wait_until_running": true
        }
    },
    "meta": {
        "request_id": "req_1e612d73160c"
    }
}

>>> GET http://localhost:8765/v1/compute/locations
>>> Request headers:
Authorization: Bearer ***REDACTED***
Accept: application/json
X-Provider-Connection: ***REDACTED***
<<< HTTP 200
<<< Response headers:
HTTP/1.1 200 OK
date: Wed, 01 Jul 2026 07:48:43 GMT
server: uvicorn
content-length: 229
content-type: application/json
x-request-id: req_d95a3d68c2f7

<<< Response body:
{
    "data": [
        {
            "id": "00000000-0000-0000-0000-000000000001",
            "name": "emulator-cluster",
            "country": null,
            "extra": {
                "cluster_type": "AHV",
                "hypervisor_types": null,
                "aos_version": null,
                "num_nodes": null
            }
        }
    ],
    "meta": {
        "request_id": "req_d95a3d68c2f7"
    }
}

>>> GET http://localhost:8765/v1/compute/sizes
>>> Request headers:
Authorization: Bearer ***REDACTED***
Accept: application/json
X-Provider-Connection: ***REDACTED***
<<< HTTP 200
<<< Response headers:
HTTP/1.1 200 OK
date: Wed, 01 Jul 2026 07:48:43 GMT
server: uvicorn
content-length: 624
content-type: application/json
x-request-id: req_b1b71a7fc436

<<< Response body:
{
    "data": [
        {
            "id": "small",
            "name": "small",
            "ram": 2048,
            "disk": 20,
            "bandwidth": null,
            "extra": {
                "vcpus": 1,
                "cores_per_vcpu": 1,
                "disk_mib": 20480,
                "synthetic": true
            }
        },
        {
            "id": "medium",
            "name": "medium",
            "ram": 4096,
            "disk": 50,
            "bandwidth": null,
            "extra": {
                "vcpus": 2,
                "cores_per_vcpu": 1,
                "disk_mib": 51200,
                "synthetic": true
            }
        },
        {
            "id": "large",
            "name": "large",
            "ram": 8192,
            "disk": 100,
            "bandwidth": null,
            "extra": {
                "vcpus": 4,
                "cores_per_vcpu": 1,
                "disk_mib": 102400,
                "synthetic": true
            }
        },
        {
            "id": "xlarge",
            "name": "xlarge",
            "ram": 16384,
            "disk": 200,
            "bandwidth": null,
            "extra": {
                "vcpus": 8,
                "cores_per_vcpu": 1,
                "disk_mib": 204800,
                "synthetic": true
            }
        }
    ],
    "meta": {
        "request_id": "req_b1b71a7fc436"
    }
}

>>> GET http://localhost:8765/v1/compute/images
>>> Request headers:
Authorization: Bearer ***REDACTED***
Accept: application/json
X-Provider-Connection: ***REDACTED***
<<< HTTP 200
<<< Response headers:
HTTP/1.1 200 OK
date: Wed, 01 Jul 2026 07:48:43 GMT
server: uvicorn
content-length: 573
content-type: application/json
x-request-id: req_c2643dad5bc9

<<< Response body:
{
    "data": [
        {
            "id": "00000000-0000-0000-0000-000000000003",
            "name": "emulator-ubuntu-2204",
            "extra": {
                "description": null,
                "image_type": "DISK_IMAGE",
                "cluster_ext_ids": [],
                "size_bytes": 8589934592,
                "create_time": null,
                "update_time": null,
                "source": {},
                "checksum": null,
                "owner_ext_id": null
            }
        },
        {
            "id": "00000000-0000-0000-0000-000000000004",
            "name": "emulator-centos-9",
            "extra": {
                "description": null,
                "image_type": "DISK_IMAGE",
                "cluster_ext_ids": [],
                "size_bytes": 10737418240,
                "create_time": null,
                "update_time": null,
                "source": {},
                "checksum": null,
                "owner_ext_id": null
            }
        }
    ],
    "meta": {
        "request_id": "req_c2643dad5bc9"
    }
}

>>> GET http://localhost:8765/v1/compute/storage-containers
>>> Request headers:
Authorization: Bearer ***REDACTED***
Accept: application/json
X-Provider-Connection: ***REDACTED***
<<< HTTP 200
<<< Response headers:
HTTP/1.1 200 OK
date: Wed, 01 Jul 2026 07:48:44 GMT
server: uvicorn
content-length: 373
content-type: application/json
x-request-id: req_0c4db29c83cf

<<< Response body:
{
    "data": [
        {
            "id": "00000000-0000-0000-0000-000000000005",
            "name": "emulator-default-container",
            "provider": "nutanix",
            "target": "nutanix:host.docker.internal:9440",
            "extra": {
                "extId": "00000000-0000-0000-0000-000000000005",
                "name": "emulator-default-container",
                "cluster": {
                    "extId": "00000000-0000-0000-0000-000000000001"
                },
                "containerType": "NFS"
            }
        }
    ],
    "meta": {
        "request_id": "req_0c4db29c83cf"
    }
}

>>> GET http://localhost:8765/v1/compute/nodes
>>> Request headers:
Authorization: Bearer ***REDACTED***
Accept: application/json
X-Provider-Connection: ***REDACTED***
<<< HTTP 200
<<< Response headers:
HTTP/1.1 200 OK
date: Wed, 01 Jul 2026 07:48:44 GMT
server: uvicorn
content-length: 52
content-type: application/json
x-request-id: req_a0f4d6b4e25b

<<< Response body:
{
    "data": [],
    "meta": {
        "request_id": "req_a0f4d6b4e25b"
    }
}

>>> GET http://localhost:8765/v1/compute/locations
>>> Request headers:
Authorization: Bearer ***REDACTED***
Accept: application/json
X-Provider-Connection: ***REDACTED***
<<< HTTP 200
<<< Response headers:
HTTP/1.1 200 OK
date: Wed, 01 Jul 2026 07:48:44 GMT
server: uvicorn
content-length: 229
content-type: application/json
x-request-id: req_4a5216939588

<<< Response body:
{
    "data": [
        {
            "id": "00000000-0000-0000-0000-000000000001",
            "name": "emulator-cluster",
            "country": null,
            "extra": {
                "cluster_type": "AHV",
                "hypervisor_types": null,
                "aos_version": null,
                "num_nodes": null
            }
        }
    ],
    "meta": {
        "request_id": "req_4a5216939588"
    }
}

>>> GET http://localhost:8765/v1/compute/images
>>> Request headers:
Authorization: Bearer ***REDACTED***
Accept: application/json
X-Provider-Connection: ***REDACTED***
<<< HTTP 200
<<< Response headers:
HTTP/1.1 200 OK
date: Wed, 01 Jul 2026 07:48:44 GMT
server: uvicorn
content-length: 573
content-type: application/json
x-request-id: req_0e917fc51ae9

<<< Response body:
{
    "data": [
        {
            "id": "00000000-0000-0000-0000-000000000003",
            "name": "emulator-ubuntu-2204",
            "extra": {
                "description": null,
                "image_type": "DISK_IMAGE",
                "cluster_ext_ids": [],
                "size_bytes": 8589934592,
                "create_time": null,
                "update_time": null,
                "source": {},
                "checksum": null,
                "owner_ext_id": null
            }
        },
        {
            "id": "00000000-0000-0000-0000-000000000004",
            "name": "emulator-centos-9",
            "extra": {
                "description": null,
                "image_type": "DISK_IMAGE",
                "cluster_ext_ids": [],
                "size_bytes": 10737418240,
                "create_time": null,
                "update_time": null,
                "source": {},
                "checksum": null,
                "owner_ext_id": null
            }
        }
    ],
    "meta": {
        "request_id": "req_0e917fc51ae9"
    }
}

>>> GET http://localhost:8765/v1/compute/subnets
>>> Request headers:
Authorization: Bearer ***REDACTED***
Accept: application/json
X-Provider-Connection: ***REDACTED***
<<< HTTP 200
<<< Response headers:
HTTP/1.1 200 OK
date: Wed, 01 Jul 2026 07:48:44 GMT
server: uvicorn
content-length: 572
content-type: application/json
x-request-id: req_cd80115a1ae1

<<< Response body:
{
    "data": [
        {
            "id": "00000000-0000-0000-0000-000000000002",
            "name": "emulator-primary-subnet",
            "cidr_block": null,
            "vpc_id": null,
            "availability_zone": null,
            "provider": "nutanix",
            "target": "nutanix:host.docker.internal:9440",
            "extra": {
                "extId": "00000000-0000-0000-0000-000000000002",
                "name": "emulator-primary-subnet",
                "networkIp": "10.0.0.0",
                "networkPrefix": 24,
                "gatewayIp": "10.0.0.1",
                "subnetType": "VLAN",
                "cluster": {
                    "extId": "00000000-0000-0000-0000-000000000001"
                },
                "vlanId": 100,
                "$objectType": "networking.v4.config.Subnet",
                "$reserved": {
                    "$fv": "v4.r2"
                }
            }
        }
    ],
    "meta": {
        "request_id": "req_cd80115a1ae1"
    }
}

>>> POST http://localhost:8765/v1/compute/nodes
>>> Request headers:
Authorization: Bearer ***REDACTED***
Accept: application/json
X-Provider-Connection: ***REDACTED***
Content-Type: application/json
>>> Request body:
{
    "name": "libcloud-ntnx-1782892123",
    "size": {
        "id": "small"
    },
    "image": {
        "id": "00000000-0000-0000-0000-000000000003"
    },
    "location": {
        "id": "00000000-0000-0000-0000-000000000001"
    },
    "provider_options": {},
    "network": {
        "subnet_id": "00000000-0000-0000-0000-000000000002"
    },
    "connection": {
        "provider": "nutanix",
        "config": {
            "host": "host.docker.internal",
            "port": 9440,
            "secure": true,
            "api_version": "v4.0",
            "verify_ssl_cert": false
        },
        "auth_binding": "nutanix"
    }
}
<<< HTTP 200
<<< Response headers:
HTTP/1.1 200 OK
date: Wed, 01 Jul 2026 07:48:44 GMT
server: uvicorn
content-length: 1175
content-type: application/json
x-request-id: req_5749e5af70f3

<<< Response body:
{
    "data": {
        "id": "063219ea-9fcb-49bc-a491-f316719f15e2",
        "name": "libcloud-ntnx-1782892123",
        "state": "running",
        "public_ips": [],
        "private_ips": [],
        "size": null,
        "image": null,
        "provider": "nutanix",
        "target": "nutanix:host.docker.internal:9440",
        "extra": {
            "cluster_ext_id": "00000000-0000-0000-0000-000000000001",
            "power_state": "ON",
            "nics": [
                {
                    "extId": "86cbc5dc-95d4-46be-8735-47f2859517de",
                    "backingInfo": {
                        "isConnected": false,
                        "macAddress": "02:00:da:e2:80:d0",
                        "model": "VIRTIO",
                        "numQueues": 1
                    },
                    "networkInfo": {
                        "nicType": "NORMAL_NIC",
                        "shouldAllowUnknownMacs": true,
                        "subnet": {
                            "extId": "00000000-0000-0000-0000-000000000002"
                        }
                    }
                }
            ],
            "disks": [
                {
                    "extId": "0f586426-2769-4262-8a5d-c921e0e8afe9",
                    "diskAddress": {
                        "busType": "SCSI",
                        "index": 0
                    },
                    "backingInfo": {
                        "$objectType": "vmm.v4.ahv.config.VmDisk",
                        "$reserved": {
                            "$fv": "v4.r0"
                        },
                        "vmDisk": {
                            "diskExtId": "5eec33e7-3817-482e-8fb6-a35b6e087991",
                            "diskSizeBytes": 10737418240,
                            "storageContainer": {
                                "extId": "00000000-0000-0000-0000-000000000005"
                            }
                        }
                    }
                }
            ],
            "categories": [],
            "description": "",
            "creation_time": "2026-07-01T07:48:45.600Z",
            "owner_reference": null,
            "num_sockets": 1,
            "num_cores_per_socket": 1,
            "memory_size_bytes": 2147483648,
            "memory_mib": 2048
        }
    },
    "meta": {
        "request_id": "req_5749e5af70f3"
    }
}

>>> GET http://localhost:5556/dex/auth?client_id=libcloud-rest&redirect_uri=http%3A%2F%2F127.0.0.1%3A8766%2Foauth%2Fcallback&response_type=code&scope=openid+email+profile&state=libcloud-dex
>>> POST http://localhost:5556/dex/auth/lldap/login?back=&state=bzgfjvajxyihgqygt4s4irl3g (login=ntnx-viewer)
>>> POST http://localhost:8080/stores/01KW9EZ0Q706Y580FGQ2488THC/check
>>> Request headers:
Content-Type: application/json
>>> Request body:
{
    "authorization_model_id": "01KWCSRHRR4ADZPJYGSQ52GENX",
    "tuple_key": {
        "user": "user:ntnx-viewer",
        "relation": "can_connect",
        "object": "libcloud_api:main"
    }
}
<<< HTTP 200
<<< Response headers:
HTTP/1.1 200 OK
Content-Length: 32
Content-Type: application/json
Openfga-Authorization-Model-Id: 01KWCSRHRR4ADZPJYGSQ52GENX
Openfga-Store-Id: 01KW9EZ0Q706Y580FGQ2488THC
Vary: Origin
X-Request-Id: f91ac162-e701-4f45-ad91-004d7081e12e
Date: Wed, 01 Jul 2026 07:48:48 GMT

<<< Response body:
{
    "allowed": true,
    "resolution": ""
}

>>> POST http://localhost:8080/stores/01KW9EZ0Q706Y580FGQ2488THC/check
>>> Request headers:
Content-Type: application/json
>>> Request body:
{
    "authorization_model_id": "01KWCSRHRR4ADZPJYGSQ52GENX",
    "tuple_key": {
        "user": "user:ntnx-viewer",
        "relation": "can_use",
        "object": "provider:nutanix"
    }
}
<<< HTTP 200
<<< Response headers:
HTTP/1.1 200 OK
Content-Length: 32
Content-Type: application/json
Openfga-Authorization-Model-Id: 01KWCSRHRR4ADZPJYGSQ52GENX
Openfga-Store-Id: 01KW9EZ0Q706Y580FGQ2488THC
Vary: Origin
X-Request-Id: d8a51cf8-397e-4223-8a01-6c924651b1d0
Date: Wed, 01 Jul 2026 07:48:48 GMT

<<< Response body:
{
    "allowed": true,
    "resolution": ""
}

>>> POST http://localhost:8080/stores/01KW9EZ0Q706Y580FGQ2488THC/check
>>> Request headers:
Content-Type: application/json
>>> Request body:
{
    "authorization_model_id": "01KWCSRHRR4ADZPJYGSQ52GENX",
    "tuple_key": {
        "user": "user:ntnx-viewer",
        "relation": "can_read",
        "object": "nutanix_cluster:nutanix"
    }
}
<<< HTTP 200
<<< Response headers:
HTTP/1.1 200 OK
Content-Length: 32
Content-Type: application/json
Openfga-Authorization-Model-Id: 01KWCSRHRR4ADZPJYGSQ52GENX
Openfga-Store-Id: 01KW9EZ0Q706Y580FGQ2488THC
Vary: Origin
X-Request-Id: 6ebd3529-baeb-4835-9925-0f03786bad92
Date: Wed, 01 Jul 2026 07:48:48 GMT

<<< Response body:
{
    "allowed": true,
    "resolution": ""
}

>>> GET http://localhost:8765/v1/auth/me
>>> Request headers:
Authorization: Bearer ***REDACTED***
Accept: application/json
<<< HTTP 200
<<< Response headers:
HTTP/1.1 200 OK
date: Wed, 01 Jul 2026 07:48:48 GMT
server: uvicorn
content-length: 270
content-type: application/json
x-request-id: req_d6519c8c2f3d

<<< Response body:
{
    "data": {
        "username": "ntnx-viewer",
        "tenant_id": "default",
        "scope": "compute:read compute:image:read compute:size:read compute:location:read compute:network:read jobs:read",
        "allowed_providers": [
            "nutanix"
        ],
        "session_id": "ntnx-viewer"
    },
    "meta": {
        "request_id": "req_d6519c8c2f3d"
    }
}

>>> POST http://localhost:8765/v1/connections:test
>>> Request headers:
Authorization: Bearer ***REDACTED***
Accept: application/json
Content-Type: application/json
>>> Request body:
{
    "provider": "nutanix",
    "config": {
        "host": "host.docker.internal",
        "port": 9440,
        "secure": true,
        "api_version": "v4.0",
        "verify_ssl_cert": false
    },
    "auth_binding": "nutanix"
}
<<< HTTP 200
<<< Response headers:
HTTP/1.1 200 OK
date: Wed, 01 Jul 2026 07:48:48 GMT
server: uvicorn
content-length: 290
content-type: application/json
x-request-id: req_9039cb80e6ed

<<< Response body:
{
    "data": {
        "target": "nutanix:host.docker.internal:9440",
        "provider": "nutanix",
        "status": "ok",
        "capabilities": {
            "create_node_auth": [
                "ssh_key"
            ],
            "supports_volumes": true,
            "supports_snapshots": true,
            "supports_key_pairs": true,
            "supports_wait_until_running": true
        }
    },
    "meta": {
        "request_id": "req_9039cb80e6ed"
    }
}

>>> GET http://localhost:8765/v1/compute/locations
>>> Request headers:
Authorization: Bearer ***REDACTED***
Accept: application/json
X-Provider-Connection: ***REDACTED***
<<< HTTP 200
<<< Response headers:
HTTP/1.1 200 OK
date: Wed, 01 Jul 2026 07:48:48 GMT
server: uvicorn
content-length: 229
content-type: application/json
x-request-id: req_02fd6a2829b9

<<< Response body:
{
    "data": [
        {
            "id": "00000000-0000-0000-0000-000000000001",
            "name": "emulator-cluster",
            "country": null,
            "extra": {
                "cluster_type": "AHV",
                "hypervisor_types": null,
                "aos_version": null,
                "num_nodes": null
            }
        }
    ],
    "meta": {
        "request_id": "req_02fd6a2829b9"
    }
}

>>> GET http://localhost:8765/v1/compute/sizes
>>> Request headers:
Authorization: Bearer ***REDACTED***
Accept: application/json
X-Provider-Connection: ***REDACTED***
<<< HTTP 200
<<< Response headers:
HTTP/1.1 200 OK
date: Wed, 01 Jul 2026 07:48:48 GMT
server: uvicorn
content-length: 624
content-type: application/json
x-request-id: req_d680f95db8ef

<<< Response body:
{
    "data": [
        {
            "id": "small",
            "name": "small",
            "ram": 2048,
            "disk": 20,
            "bandwidth": null,
            "extra": {
                "vcpus": 1,
                "cores_per_vcpu": 1,
                "disk_mib": 20480,
                "synthetic": true
            }
        },
        {
            "id": "medium",
            "name": "medium",
            "ram": 4096,
            "disk": 50,
            "bandwidth": null,
            "extra": {
                "vcpus": 2,
                "cores_per_vcpu": 1,
                "disk_mib": 51200,
                "synthetic": true
            }
        },
        {
            "id": "large",
            "name": "large",
            "ram": 8192,
            "disk": 100,
            "bandwidth": null,
            "extra": {
                "vcpus": 4,
                "cores_per_vcpu": 1,
                "disk_mib": 102400,
                "synthetic": true
            }
        },
        {
            "id": "xlarge",
            "name": "xlarge",
            "ram": 16384,
            "disk": 200,
            "bandwidth": null,
            "extra": {
                "vcpus": 8,
                "cores_per_vcpu": 1,
                "disk_mib": 204800,
                "synthetic": true
            }
        }
    ],
    "meta": {
        "request_id": "req_d680f95db8ef"
    }
}

>>> GET http://localhost:8765/v1/compute/images
>>> Request headers:
Authorization: Bearer ***REDACTED***
Accept: application/json
X-Provider-Connection: ***REDACTED***
<<< HTTP 200
<<< Response headers:
HTTP/1.1 200 OK
date: Wed, 01 Jul 2026 07:48:48 GMT
server: uvicorn
content-length: 573
content-type: application/json
x-request-id: req_c5bab7c986dc

<<< Response body:
{
    "data": [
        {
            "id": "00000000-0000-0000-0000-000000000003",
            "name": "emulator-ubuntu-2204",
            "extra": {
                "description": null,
                "image_type": "DISK_IMAGE",
                "cluster_ext_ids": [],
                "size_bytes": 8589934592,
                "create_time": null,
                "update_time": null,
                "source": {},
                "checksum": null,
                "owner_ext_id": null
            }
        },
        {
            "id": "00000000-0000-0000-0000-000000000004",
            "name": "emulator-centos-9",
            "extra": {
                "description": null,
                "image_type": "DISK_IMAGE",
                "cluster_ext_ids": [],
                "size_bytes": 10737418240,
                "create_time": null,
                "update_time": null,
                "source": {},
                "checksum": null,
                "owner_ext_id": null
            }
        }
    ],
    "meta": {
        "request_id": "req_c5bab7c986dc"
    }
}

>>> GET http://localhost:8765/v1/compute/storage-containers
>>> Request headers:
Authorization: Bearer ***REDACTED***
Accept: application/json
X-Provider-Connection: ***REDACTED***
<<< HTTP 200
<<< Response headers:
HTTP/1.1 200 OK
date: Wed, 01 Jul 2026 07:48:48 GMT
server: uvicorn
content-length: 373
content-type: application/json
x-request-id: req_d29a2b961dec

<<< Response body:
{
    "data": [
        {
            "id": "00000000-0000-0000-0000-000000000005",
            "name": "emulator-default-container",
            "provider": "nutanix",
            "target": "nutanix:host.docker.internal:9440",
            "extra": {
                "extId": "00000000-0000-0000-0000-000000000005",
                "name": "emulator-default-container",
                "cluster": {
                    "extId": "00000000-0000-0000-0000-000000000001"
                },
                "containerType": "NFS"
            }
        }
    ],
    "meta": {
        "request_id": "req_d29a2b961dec"
    }
}

>>> GET http://localhost:8765/v1/compute/nodes
>>> Request headers:
Authorization: Bearer ***REDACTED***
Accept: application/json
X-Provider-Connection: ***REDACTED***
<<< HTTP 200
<<< Response headers:
HTTP/1.1 200 OK
date: Wed, 01 Jul 2026 07:48:48 GMT
server: uvicorn
content-length: 1177
content-type: application/json
x-request-id: req_855939231bb9

<<< Response body:
{
    "data": [
        {
            "id": "063219ea-9fcb-49bc-a491-f316719f15e2",
            "name": "libcloud-ntnx-1782892123",
            "state": "running",
            "public_ips": [],
            "private_ips": [],
            "size": null,
            "image": null,
            "provider": "nutanix",
            "target": "nutanix:host.docker.internal:9440",
            "extra": {
                "cluster_ext_id": "00000000-0000-0000-0000-000000000001",
                "power_state": "ON",
                "nics": [
                    {
                        "extId": "86cbc5dc-95d4-46be-8735-47f2859517de",
                        "backingInfo": {
                            "isConnected": false,
                            "macAddress": "02:00:da:e2:80:d0",
                            "model": "VIRTIO",
                            "numQueues": 1
                        },
                        "networkInfo": {
                            "nicType": "NORMAL_NIC",
                            "shouldAllowUnknownMacs": true,
                            "subnet": {
                                "extId": "00000000-0000-0000-0000-000000000002"
                            }
                        }
                    }
                ],
                "disks": [
                    {
                        "extId": "0f586426-2769-4262-8a5d-c921e0e8afe9",
                        "diskAddress": {
                            "busType": "SCSI",
                            "index": 0
                        },
                        "backingInfo": {
                            "$objectType": "vmm.v4.ahv.config.VmDisk",
                            "$reserved": {
                                "$fv": "v4.r0"
                            },
                            "vmDisk": {
                                "diskExtId": "5eec33e7-3817-482e-8fb6-a35b6e087991",
                                "diskSizeBytes": 10737418240,
                                "storageContainer": {
                                    "extId": "00000000-0000-0000-0000-000000000005"
                                }
                            }
                        }
                    }
                ],
                "categories": [],
                "description": "",
                "creation_time": "2026-07-01T07:48:45.600Z",
                "owner_reference": null,
                "num_sockets": 1,
                "num_cores_per_socket": 1,
                "memory_size_bytes": 2147483648,
                "memory_mib": 2048
            }
        }
    ],
    "meta": {
        "request_id": "req_855939231bb9"
    }
}

myrun_nutanix.sh: line 17: ./scripts/deprovision_nutanix.sh: No such file or directory
